
> vegaedge@0.1.0 dev
> next dev

▲ Next.js 16.1.6 (Turbopack)
- Local:         http://localhost:3000
- Network:       http://192.168.0.40:3000
- Environments: .env.local

✓ Starting...
✓ Ready in 1254ms
⚠ Cross origin request detected from 192.168.0.40 to /_next/* resource. In a future major version of Next.js, you will need to explicitly configure "allowedDevOrigins" in next.config to allow this.
Read more: https://nextjs.org/docs/app/api-reference/config/next-config-js/allowedDevOrigins
 GET /robinhood 200 in 1776ms (compile: 1416ms, render: 359ms)
 GET /stock/GRAB 200 in 2.4s (compile: 2.2s, render: 149ms)
(node:459370) [DEP0060] DeprecationWarning: The `util._extend` API is deprecated. Please use Object.assign() instead.
(Use `node --trace-deprecation ...` to show where the warning was created)
 GET /stock/GRAB 200 in 121ms (compile: 28ms, render: 93ms)
 GET / 200 in 60ms (compile: 40ms, render: 21ms)
 GET /api/engine/logs?limit=6 200 in 214ms (compile: 179ms, render: 36ms)
 GET /api/engine/logs?limit=6 200 in 50ms (compile: 2ms, render: 48ms)
 GET /robinhood 200 in 23ms (compile: 4ms, render: 19ms)
 GET /pricing 200 in 49ms (compile: 31ms, render: 19ms)
 GET /api/robinhood/analytics/portfolio-greeks?account=all 200 in 17.1s (compile: 6ms, render: 17.1s)
 GET /api/robinhood/analytics/portfolio-greeks?account=all 200 in 17.3s (compile: 138ms, render: 17.2s)
 GET /robinhood 200 in 27ms (compile: 5ms, render: 22ms)
✓ Compiled in 412ms
 GET /robinhood 200 in 280ms (compile: 90ms, render: 190ms)
 GET /robinhood 200 in 59ms (compile: 3ms, render: 56ms)
✓ Compiled in 162ms
✓ Compiled in 75ms
✓ Compiled in 117ms
 GET /robinhood 200 in 313ms (compile: 71ms, render: 242ms)
 GET /stock/AMKR?from=robinhood 200 in 83ms (compile: 40ms, render: 44ms)
✓ Compiled in 163ms
✓ Compiled in 173ms
 GET /robinhood 200 in 293ms (compile: 94ms, render: 200ms)
 GET /api/robinhood/analytics/portfolio-greeks?account=all 200 in 24.2s (compile: 4ms, render: 24.2s)
 GET /api/robinhood/analytics/limits-check?account=all&max_delta=10000&max_gamma=500&max_vega=10000 200 in 24.5s (compile: 64ms, render: 24.5s)
 GET /api/robinhood/analytics/drawdown?account=all&limit=0.1 200 in 193ms (compile: 42ms, render: 151ms)
 GET /api/robinhood/analytics/hedge-ratio-by-underlying?account=all&target_delta=0 200 in 24.7s (compile: 378ms, render: 24.3s)
 GET /api/robinhood/analytics/stress-test?account=all&spot_shock=0.1&vol_shock=0.2 200 in 21.4s (compile: 131ms, render: 21.3s)
 GET /api/robinhood/analytics/rebalance-check?account=all&delta_limit=1000&gamma_limit=100&vega_limit=1000 200 in 25.1s (compile: 293ms, render: 24.8s)
 GET /api/risk/var/HOOD?method=all 200 in 1438ms (compile: 906ms, render: 532ms)
 GET /api/risk/var/ZETA?method=all 200 in 512ms (compile: 37ms, render: 475ms)
 GET /api/risk/var/TTD?method=all 200 in 429ms (compile: 45ms, render: 385ms)
 GET /api/risk/var/SOFI?method=all 200 in 1458ms (compile: 36ms, render: 1423ms)
 GET /api/risk/var/RDW?method=all 200 in 1302ms (compile: 37ms, render: 1265ms)
 GET /api/risk/var/PATH?method=all 200 in 1308ms (compile: 47ms, render: 1261ms)
 GET /api/risk/var/QXO?method=all 200 in 661ms (compile: 54ms, render: 608ms)
 GET /api/robinhood/analytics/delta-gamma-hedge?account=all&hedge_dte=30&hedge_type=call&top_n=10 200 in 47s (compile: 335ms, render: 47s)
 GET /api/risk/var/CLSK?method=all 200 in 1377ms (compile: 36ms, render: 1342ms)
 GET /api/risk/var/PLAB?method=all 200 in 408ms (compile: 46ms, render: 362ms)
 GET /api/risk/var/GRAB?method=all 200 in 1154ms (compile: 53ms, render: 1101ms)
 GET /api/risk/var/VPG?method=all 200 in 610ms (compile: 55ms, render: 554ms)
 GET /api/risk/var/BTBT?method=all 200 in 965ms (compile: 44ms, render: 921ms)
 GET /api/risk/var/PLTR?method=all 200 in 630ms (compile: 50ms, render: 580ms)
 GET /api/risk/var/RZLV?method=all 200 in 817ms (compile: 38ms, render: 779ms)
 GET /api/risk/var/ASST?method=all 200 in 1410ms (compile: 46ms, render: 1364ms)
 GET /api/risk/var/PYPL?method=all 200 in 1648ms (compile: 37ms, render: 1611ms)
 GET /api/risk/var/VG?method=all 200 in 975ms (compile: 40ms, render: 935ms)
 GET /api/risk/var/SMPL?method=all 200 in 325ms (compile: 42ms, render: 283ms)
 GET /api/risk/var/AMZN?method=all 200 in 412ms (compile: 45ms, render: 367ms)
 GET /api/risk/var/OSS?method=all 200 in 404ms (compile: 49ms, render: 354ms)
 GET /api/risk/var/WULF?method=all 200 in 848ms (compile: 49ms, render: 800ms)
 GET /api/risk/var/DLO?method=all 200 in 366ms (compile: 46ms, render: 319ms)
 GET /api/risk/var/CIFR?method=all 200 in 711ms (compile: 41ms, render: 670ms)
 GET /api/risk/var/BMNR?method=all 200 in 587ms (compile: 45ms, render: 543ms)
 GET /stock/GRAB?from=robinhood 200 in 185ms (compile: 40ms, render: 145ms)
 GET /stock/WULF 200 in 75ms (compile: 35ms, render: 40ms)
✓ Compiled in 201ms
✓ Compiled in 184ms
✓ Compiled in 137ms
✓ Compiled in 216ms
✓ Compiled in 118ms
⚠ Fast Refresh had to perform a full reload due to a runtime error.
 GET /stock/WULF 200 in 544ms (compile: 186ms, render: 358ms)
✓ Compiled in 166ms
✓ Compiled in 209ms
✓ Compiled in 117ms
✓ Compiled in 117ms
✓ Compiled in 247ms
 GET /stock/AAPL 200 in 524ms (compile: 147ms, render: 378ms)
 GET /stock/CIFR 200 in 78ms (compile: 3ms, render: 75ms)
 GET /stock/WULF 200 in 87ms (compile: 3ms, render: 84ms)
⚠ Found a change in next.config.ts. Restarting the server to apply the changes...
▲ Next.js 16.1.6 (Turbopack)
- Local:         http://localhost:3000
- Network:       http://192.168.0.40:3000
- Environments: .env.local

✓ Starting...
✓ Ready in 1155ms
⚠ Cross origin request detected from 192.168.0.40 to /_next/* resource. In a future major version of Next.js, you will need to explicitly configure "allowedDevOrigins" in next.config to allow this.
Read more: https://nextjs.org/docs/app/api-reference/config/next-config-js/allowedDevOrigins
 GET /robinhood 200 in 1778ms (compile: 1344ms, render: 434ms)
 GET /stock/WULF 200 in 1913ms (compile: 1747ms, render: 166ms)
(node:462648) [DEP0060] DeprecationWarning: The `util._extend` API is deprecated. Please use Object.assign() instead.
(Use `node --trace-deprecation ...` to show where the warning was created)
✓ Compiled in 137ms
✓ Compiled in 468ms
 GET /stock/WULF 200 in 572ms (compile: 92ms, render: 480ms)
 GET /robinhood 200 in 337ms (compile: 75ms, render: 262ms)
 GET / 200 in 202ms (compile: 111ms, render: 91ms)
 GET / 200 in 57ms (compile: 2ms, render: 55ms)
 GET /stock/WULF 200 in 113ms (compile: 35ms, render: 78ms)
✓ Compiled in 100ms
 GET / 200 in 209ms (compile: 47ms, render: 162ms)
 GET /stock/WULF 200 in 466ms (compile: 137ms, render: 329ms)
 GET /stock/GRAB 200 in 145ms (compile: 41ms, render: 105ms)
 GET / 200 in 19ms (compile: 3ms, render: 17ms)
 GET /api/engine/logs?limit=6 200 in 3.3s (compile: 3.2s, render: 105ms)
 GET /api/engine/logs?limit=6 200 in 11ms (compile: 1644µs, render: 9ms)
 GET / 200 in 53ms (compile: 3ms, render: 50ms)
 GET /api/robinhood/analytics/portfolio-greeks?account=all 200 in 9.4s (compile: 3.2s, render: 6.2s)
 GET /api/robinhood/analytics/portfolio-greeks?account=all 200 in 9.4s (compile: 3.2s, render: 6.2s)
 GET /robinhood 200 in 244ms (compile: 53ms, render: 191ms)
 GET / 200 in 23ms (compile: 6ms, render: 17ms)
 GET /api/engine/logs?limit=6 200 in 36ms (compile: 13ms, render: 23ms)
 GET /api/engine/logs?limit=6 200 in 50ms (compile: 3ms, render: 48ms)
 GET /api/robinhood/analytics/portfolio-greeks?account=all 200 in 7.9s (compile: 3ms, render: 7.9s)
 GET /api/robinhood/analytics/portfolio-greeks?account=all 200 in 8.2s (compile: 3ms, render: 8.2s)
✓ Compiled in 106ms
✓ Compiled in 203ms
 GET / 200 in 24ms (compile: 3ms, render: 21ms)
 GET /robinhood 200 in 77ms (compile: 48ms, render: 29ms)
 GET /robinhood 200 in 28ms (compile: 3ms, render: 25ms)
 GET /robinhood 200 in 160ms (compile: 5ms, render: 155ms)
 GET /positions 200 in 1285ms (compile: 1263ms, render: 22ms)
 GET /api/portfolio/summary 200 in 1484ms (compile: 695ms, render: 789ms)
 GET /api/portfolio/summary 200 in 629ms (compile: 4ms, render: 625ms)
✓ Compiled in 97ms
 GET / 200 in 60ms (compile: 3ms, render: 57ms)
⚠ Cross origin request detected from precision-comply-lavish.ngrok-free.dev to /_next/* resource. In a future major version of Next.js, you will need to explicitly configure "allowedDevOrigins" in next.config to allow this.
Read more: https://nextjs.org/docs/app/api-reference/config/next-config-js/allowedDevOrigins
 GET /api/engine/logs?limit=6 200 in 37ms (compile: 12ms, render: 25ms)
 GET /robinhood 200 in 186ms (compile: 140ms, render: 46ms)
 GET /api/robinhood/analytics/portfolio-greeks?account=all 200 in 16.7s (compile: 4ms, render: 16.7s)
 GET /stock/PYPL 200 in 99ms (compile: 53ms, render: 47ms)
✓ Compiled in 625ms
✓ Compiled in 121ms
✓ Compiled in 89ms
 GET /stock/PYPL 200 in 501ms (compile: 157ms, render: 344ms)
✓ Compiled in 150ms
✓ Compiled in 119ms
✓ Compiled in 102ms
✓ Compiled in 164ms
✓ Compiled in 122ms
⚠ Fast Refresh had to perform a full reload due to a runtime error.
 GET /stock/PYPL 200 in 565ms (compile: 141ms, render: 424ms)
✓ Compiled in 108ms
✓ Compiled in 126ms
 GET / 200 in 342ms (compile: 117ms, render: 225ms)
 GET /stock/PYPL 200 in 505ms (compile: 172ms, render: 332ms)
 GET /stock/NVDA 200 in 158ms (compile: 5ms, render: 153ms)
 GET /stock/PYPL 200 in 149ms (compile: 53ms, render: 96ms)
 GET /stock/PYPL 200 in 176ms (compile: 59ms, render: 117ms)
 GET / 200 in 33ms (compile: 7ms, render: 26ms)
 GET /api/engine/logs?limit=6 200 in 35ms (compile: 8ms, render: 26ms)
 GET /api/engine/logs?limit=6 200 in 10ms (compile: 3ms, render: 7ms)
 GET /robinhood 200 in 161ms (compile: 113ms, render: 48ms)
 GET /api/robinhood/analytics/portfolio-greeks?account=all 200 in 18.5s (compile: 7ms, render: 18.5s)
 GET /api/robinhood/analytics/portfolio-greeks?account=all 200 in 18.5s (compile: 4ms, render: 18.5s)
Failed to proxy http://localhost:8000/api/robinhood/sync Error: socket hang up
    at ignore-listed frames {
  code: 'ECONNRESET'
}
Error: socket hang up
    at ignore-listed frames {
  code: 'ECONNRESET'
}
○ Compiling /_error ...
Failed to proxy http://localhost:8000/api/robinhood/sync Error: socket hang up
    at ignore-listed frames {
  code: 'ECONNRESET'
}
Error: socket hang up
    at ignore-listed frames {
  code: 'ECONNRESET'
}
 GET /stock/PYPL 200 in 94ms (compile: 54ms, render: 40ms)
 GET /stock/PYPL 200 in 148ms (compile: 58ms, render: 90ms)
 GET /stock/PYPL 200 in 128ms (compile: 52ms, render: 76ms)
 GET / 200 in 18ms (compile: 2ms, render: 16ms)
 GET /api/engine/logs?limit=6 200 in 27ms (compile: 11ms, render: 16ms)
 GET /api/engine/logs?limit=6 200 in 10ms (compile: 1852µs, render: 8ms)
 GET /robinhood 200 in 27ms (compile: 3ms, render: 25ms)
 GET /api/robinhood/analytics/portfolio-greeks?account=all 200 in 17.7s (compile: 3ms, render: 17.7s)
 GET /api/robinhood/analytics/portfolio-greeks?account=all 200 in 9.3s (compile: 4ms, render: 9.3s)
✓ Compiled in 228ms
 GET /stock/PYPL 200 in 681ms (compile: 219ms, render: 461ms)
 GET /stock/SHOP 200 in 233ms (compile: 66ms, render: 167ms)
 GET /stock/SHOP 200 in 212ms (compile: 57ms, render: 154ms)
Failed to proxy http://localhost:8000/api/robinhood/sync Error: socket hang up
    at ignore-listed frames {
  code: 'ECONNRESET'
}
Error: socket hang up
    at ignore-listed frames {
  code: 'ECONNRESET'
}
 GET /stock/CIFR 200 in 244ms (compile: 73ms, render: 171ms)
 GET /robinhood 200 in 182ms (compile: 4ms, render: 178ms)
 GET /positions 200 in 240ms (compile: 192ms, render: 48ms)
 GET /api/portfolio/summary 200 in 742ms (compile: 9ms, render: 734ms)
 GET /robinhood 200 in 22ms (compile: 3ms, render: 19ms)
 GET /api/portfolio/summary 200 in 641ms (compile: 4ms, render: 636ms)
 GET /api/robinhood/analytics/drawdown?account=all&limit=0.1 200 in 952ms (compile: 302ms, render: 650ms)
Failed to proxy http://localhost:8000/api/robinhood/sync Error: socket hang up
    at ignore-listed frames {
  code: 'ECONNRESET'
}
Error: socket hang up
    at ignore-listed frames {
  code: 'ECONNRESET'
}
 GET /api/risk/var/GRAB?method=all 200 in 12.9s (compile: 1211ms, render: 11.7s)
 GET /api/risk/var/GOOG?method=all 200 in 29.1s (compile: 1221ms, render: 27.8s)
 GET /api/risk/var/CIFR?method=all 200 in 29.3s (compile: 1282ms, render: 28.0s)
 GET /api/risk/var/VG?method=all 200 in 29.3s (compile: 1329ms, render: 28.0s)
 GET /api/risk/var/QXO?method=all 200 in 29.3s (compile: 1253ms, render: 28.1s)
 GET /api/risk/var/SLB?method=all 200 in 29.5s (compile: 1375ms, render: 28.1s)
Failed to proxy http://localhost:8000/api/agents/confluence/AMKR Error: socket hang up
    at ignore-listed frames {
  code: 'ECONNRESET'
}
Error: socket hang up
    at ignore-listed frames {
  code: 'ECONNRESET'
}
 GET /api/risk/var/WULF?method=all 200 in 30.0s (compile: 1376ms, render: 28.6s)
Failed to proxy http://localhost:8000/api/agents/confluence/SLB Error: socket hang up
    at ignore-listed frames {
  code: 'ECONNRESET'
}
Error: socket hang up
    at ignore-listed frames {
  code: 'ECONNRESET'
}
Failed to proxy http://localhost:8000/api/sentiment/SLB Error: socket hang up
    at ignore-listed frames {
  code: 'ECONNRESET'
}
Error: socket hang up
    at ignore-listed frames {
  code: 'ECONNRESET'
}
Failed to proxy http://localhost:8000/api/agents/confluence/WULF Error: socket hang up
    at ignore-listed frames {
  code: 'ECONNRESET'
}
Error: socket hang up
    at ignore-listed frames {
  code: 'ECONNRESET'
}
Failed to proxy http://localhost:8000/api/agents/trade-recommendation Error: socket hang up
    at ignore-listed frames {
  code: 'ECONNRESET'
}
Error: socket hang up
    at ignore-listed frames {
  code: 'ECONNRESET'
}
Failed to proxy http://localhost:8000/api/agents/trade-recommendation Error: socket hang up
    at ignore-listed frames {
  code: 'ECONNRESET'
}
Error: socket hang up
    at ignore-listed frames {
  code: 'ECONNRESET'
}
Failed to proxy http://localhost:8000/api/agents/trade-recommendation Error: socket hang up
    at ignore-listed frames {
  code: 'ECONNRESET'
}
Error: socket hang up
    at ignore-listed frames {
  code: 'ECONNRESET'
}
Failed to proxy http://localhost:8000/api/sentiment/VG Error: socket hang up
    at ignore-listed frames {
  code: 'ECONNRESET'
}
Error: socket hang up
    at ignore-listed frames {
  code: 'ECONNRESET'
}
Failed to proxy http://localhost:8000/api/agents/confluence/VG Error: socket hang up
    at ignore-listed frames {
  code: 'ECONNRESET'
}
Error: socket hang up
    at ignore-listed frames {
  code: 'ECONNRESET'
}
Failed to proxy http://localhost:8000/api/agents/confluence/QXO Error: socket hang up
    at ignore-listed frames {
  code: 'ECONNRESET'
}
Error: socket hang up
    at ignore-listed frames {
  code: 'ECONNRESET'
}
 GET /api/risk/var/AMKR?method=all 200 in 30.1s (compile: 1394ms, render: 28.7s)
Failed to proxy http://localhost:8000/api/agents/confluence/CIFR Error: socket hang up
    at ignore-listed frames {
  code: 'ECONNRESET'
}
Error: socket hang up
    at ignore-listed frames {
  code: 'ECONNRESET'
}
Failed to proxy http://localhost:8000/api/sentiment/GOOG Error: socket hang up
    at ignore-listed frames {
  code: 'ECONNRESET'
}
Error: socket hang up
    at ignore-listed frames {
  code: 'ECONNRESET'
}
Failed to proxy http://localhost:8000/api/agents/confluence/GOOG Error: socket hang up
    at ignore-listed frames {
  code: 'ECONNRESET'
}
Error: socket hang up
    at ignore-listed frames {
  code: 'ECONNRESET'
}
 GET /api/risk/var/SOFI?method=all 200 in 29.5s (compile: 615ms, render: 28.9s)
 GET /api/risk/var/DLO?method=all 200 in 29.5s (compile: 571ms, render: 29.0s)
Failed to proxy http://localhost:8000/api/agents/trade-recommendation Error: socket hang up
    at ignore-listed frames {
  code: 'ECONNRESET'
}
Error: socket hang up
    at ignore-listed frames {
  code: 'ECONNRESET'
}
Failed to proxy http://localhost:8000/api/agents/trade-recommendation Error: socket hang up
    at ignore-listed frames {
  code: 'ECONNRESET'
}
Error: socket hang up
    at ignore-listed frames {
  code: 'ECONNRESET'
}
Failed to proxy http://localhost:8000/api/agents/trade-recommendation Error: socket hang up
    at ignore-listed frames {
  code: 'ECONNRESET'
}
Error: socket hang up
    at ignore-listed frames {
  code: 'ECONNRESET'
}
Failed to proxy http://localhost:8000/api/agents/confluence/GRAB Error: socket hang up
    at ignore-listed frames {
  code: 'ECONNRESET'
}
Error: socket hang up
    at ignore-listed frames {
  code: 'ECONNRESET'
}
Failed to proxy http://localhost:8000/api/agents/trade-recommendation Error: socket hang up
    at ignore-listed frames {
  code: 'ECONNRESET'
}
Error: socket hang up
    at ignore-listed frames {
  code: 'ECONNRESET'
}
Failed to proxy http://localhost:8000/api/agents/trade-recommendation Error: socket hang up
    at ignore-listed frames {
  code: 'ECONNRESET'
}
Error: socket hang up
    at ignore-listed frames {
  code: 'ECONNRESET'
}
Failed to proxy http://localhost:8000/api/agents/confluence/SOFI Error: socket hang up
    at ignore-listed frames {
  code: 'ECONNRESET'
}
Error: socket hang up
    at ignore-listed frames {
  code: 'ECONNRESET'
}
Failed to proxy http://localhost:8000/api/agents/trade-recommendation Error: socket hang up
    at ignore-listed frames {
  code: 'ECONNRESET'
}
Error: socket hang up
    at ignore-listed frames {
  code: 'ECONNRESET'
}
 GET /api/risk/var/NVDA?method=all 200 in 30.0s (compile: 548ms, render: 29.4s)
Failed to proxy http://localhost:8000/api/sentiment/SOFI Error: socket hang up
    at ignore-listed frames {
  code: 'ECONNRESET'
}
Error: socket hang up
    at ignore-listed frames {
  code: 'ECONNRESET'
}
Failed to proxy http://localhost:8000/api/agents/confluence/DLO Error: socket hang up
    at ignore-listed frames {
  code: 'ECONNRESET'
}
Error: socket hang up
    at ignore-listed frames {
  code: 'ECONNRESET'
}
Failed to proxy http://localhost:8000/api/sentiment/NVDA Error: socket hang up
    at ignore-listed frames {
  code: 'ECONNRESET'
}
Error: socket hang up
    at ignore-listed frames {
  code: 'ECONNRESET'
}
Failed to proxy http://localhost:8000/api/agents/confluence/NVDA Error: socket hang up
    at ignore-listed frames {
  code: 'ECONNRESET'
}
Error: socket hang up
    at ignore-listed frames {
  code: 'ECONNRESET'
}
Failed to proxy http://localhost:8000/api/agents/confluence/BTBT Error: socket hang up
    at ignore-listed frames {
  code: 'ECONNRESET'
}
Error: socket hang up
    at ignore-listed frames {
  code: 'ECONNRESET'
}
Failed to proxy http://localhost:8000/api/agents/confluence/ZETA Error: socket hang up
    at ignore-listed frames {
  code: 'ECONNRESET'
}
Error: socket hang up
    at ignore-listed frames {
  code: 'ECONNRESET'
}
Failed to proxy http://localhost:8000/api/agents/trade-recommendation Error: socket hang up
    at ignore-listed frames {
  code: 'ECONNRESET'
}
Error: socket hang up
    at ignore-listed frames {
  code: 'ECONNRESET'
}
Failed to proxy http://localhost:8000/api/agents/trade-recommendation Error: socket hang up
    at ignore-listed frames {
  code: 'ECONNRESET'
}
Error: socket hang up
    at ignore-listed frames {
  code: 'ECONNRESET'
}
 GET /api/risk/var/BTBT?method=all 200 in 30.1s (compile: 519ms, render: 29.6s)
Failed to proxy http://localhost:8000/api/agents/trade-recommendation Error: socket hang up
    at ignore-listed frames {
  code: 'ECONNRESET'
}
Error: socket hang up
    at ignore-listed frames {
  code: 'ECONNRESET'
}
Failed to proxy http://localhost:8000/api/agents/trade-recommendation Error: socket hang up
    at ignore-listed frames {
  code: 'ECONNRESET'
}
Error: socket hang up
    at ignore-listed frames {
  code: 'ECONNRESET'
}
Failed to proxy http://localhost:8000/api/sentiment/PFE Error: socket hang up
    at ignore-listed frames {
  code: 'ECONNRESET'
}
Error: socket hang up
    at ignore-listed frames {
  code: 'ECONNRESET'
}
Failed to proxy http://localhost:8000/api/agents/confluence/PFE Error: socket hang up
    at ignore-listed frames {
  code: 'ECONNRESET'
}
Error: socket hang up
    at ignore-listed frames {
  code: 'ECONNRESET'
}
Failed to proxy http://localhost:8000/api/sentiment/RR Error: socket hang up
    at ignore-listed frames {
  code: 'ECONNRESET'
}
Error: socket hang up
    at ignore-listed frames {
  code: 'ECONNRESET'
}
Failed to proxy http://localhost:8000/api/agents/confluence/TSLA Error: socket hang up
    at ignore-listed frames {
  code: 'ECONNRESET'
}
Error: socket hang up
    at ignore-listed frames {
  code: 'ECONNRESET'
}
Failed to proxy http://localhost:8000/api/agents/confluence/RR Error: socket hang up
    at ignore-listed frames {
  code: 'ECONNRESET'
}
Error: socket hang up
    at ignore-listed frames {
  code: 'ECONNRESET'
}
Failed to proxy http://localhost:8000/api/agents/confluence/VLN Error: socket hang up
    at ignore-listed frames {
  code: 'ECONNRESET'
}
Error: socket hang up
    at ignore-listed frames {
  code: 'ECONNRESET'
}
Failed to proxy http://localhost:8000/api/agents/confluence/NOW Error: socket hang up
    at ignore-listed frames {
  code: 'ECONNRESET'
}
Error: socket hang up
    at ignore-listed frames {
  code: 'ECONNRESET'
}
Failed to proxy http://localhost:8000/api/backtest/run Error: socket hang up
    at ignore-listed frames {
  code: 'ECONNRESET'
}
Error: socket hang up
    at ignore-listed frames {
  code: 'ECONNRESET'
}
Failed to proxy http://localhost:8000/api/agents/confluence/QS Error: socket hang up
    at ignore-listed frames {
  code: 'ECONNRESET'
}
Error: socket hang up
    at ignore-listed frames {
  code: 'ECONNRESET'
}
Failed to proxy http://localhost:8000/api/agents/trade-recommendation Error: socket hang up
    at ignore-listed frames {
  code: 'ECONNRESET'
}
Error: socket hang up
    at ignore-listed frames {
  code: 'ECONNRESET'
}
Failed to proxy http://localhost:8000/api/agents/trade-recommendation Error: socket hang up
    at ignore-listed frames {
  code: 'ECONNRESET'
}
Error: socket hang up
    at ignore-listed frames {
  code: 'ECONNRESET'
}
Failed to proxy http://localhost:8000/api/agents/trade-recommendation Error: socket hang up
    at ignore-listed frames {
  code: 'ECONNRESET'
}
Error: socket hang up
    at ignore-listed frames {
  code: 'ECONNRESET'
}
Failed to proxy http://localhost:8000/api/backtest/run Error: socket hang up
    at ignore-listed frames {
  code: 'ECONNRESET'
}
Error: socket hang up
    at ignore-listed frames {
  code: 'ECONNRESET'
}
Failed to proxy http://localhost:8000/api/agents/trade-recommendation Error: socket hang up
    at ignore-listed frames {
  code: 'ECONNRESET'
}
Error: socket hang up
    at ignore-listed frames {
  code: 'ECONNRESET'
}
Failed to proxy http://localhost:8000/api/backtest/run Error: socket hang up
    at ignore-listed frames {
  code: 'ECONNRESET'
}
Error: socket hang up
    at ignore-listed frames {
  code: 'ECONNRESET'
}
Failed to proxy http://localhost:8000/api/agents/trade-recommendation Error: socket hang up
    at ignore-listed frames {
  code: 'ECONNRESET'
}
Error: socket hang up
    at ignore-listed frames {
  code: 'ECONNRESET'
}
Failed to proxy http://localhost:8000/api/backtest/run Error: socket hang up
    at ignore-listed frames {
  code: 'ECONNRESET'
}
Error: socket hang up
    at ignore-listed frames {
  code: 'ECONNRESET'
}
Failed to proxy http://localhost:8000/api/sentiment/QS Error: socket hang up
    at ignore-listed frames {
  code: 'ECONNRESET'
}
Error: socket hang up
    at ignore-listed frames {
  code: 'ECONNRESET'
}
Failed to proxy http://localhost:8000/api/agents/confluence/IREN Error: socket hang up
    at ignore-listed frames {
  code: 'ECONNRESET'
}
Error: socket hang up
    at ignore-listed frames {
  code: 'ECONNRESET'
}
Failed to proxy http://localhost:8000/api/agents/confluence/PATH Error: socket hang up
    at ignore-listed frames {
  code: 'ECONNRESET'
}
Error: socket hang up
    at ignore-listed frames {
  code: 'ECONNRESET'
}
Failed to proxy http://localhost:8000/api/agents/confluence/NEE Error: socket hang up
    at ignore-listed frames {
  code: 'ECONNRESET'
}
Error: socket hang up
    at ignore-listed frames {
  code: 'ECONNRESET'
}
Failed to proxy http://localhost:8000/api/agents/confluence/BRK.A Error: socket hang up
    at ignore-listed frames {
  code: 'ECONNRESET'
}
Error: socket hang up
    at ignore-listed frames {
  code: 'ECONNRESET'
}
Failed to proxy http://localhost:8000/api/agents/confluence/OGZPY Error: socket hang up
    at ignore-listed frames {
  code: 'ECONNRESET'
}
Error: socket hang up
    at ignore-listed frames {
  code: 'ECONNRESET'
}
Failed to proxy http://localhost:8000/api/agents/trade-recommendation Error: socket hang up
    at ignore-listed frames {
  code: 'ECONNRESET'
}
Error: socket hang up
    at ignore-listed frames {
  code: 'ECONNRESET'
}
 GET /api/risk/var/ZETA?method=all 200 in 30.4s (compile: 479ms, render: 30.0s)
Failed to proxy http://localhost:8000/api/backtest/run Error: socket hang up
    at ignore-listed frames {
  code: 'ECONNRESET'
}
Error: socket hang up
    at ignore-listed frames {
  code: 'ECONNRESET'
}
Failed to proxy http://localhost:8000/api/agents/confluence/HOOD Error: socket hang up
    at ignore-listed frames {
  code: 'ECONNRESET'
}
Error: socket hang up
    at ignore-listed frames {
  code: 'ECONNRESET'
}
 GET /api/risk/var/PFE?method=all 200 in 30.6s (compile: 427ms, render: 30.2s)
Failed to proxy http://localhost:8000/api/agents/confluence/AZREF Error: socket hang up
    at ignore-listed frames {
  code: 'ECONNRESET'
}
Error: socket hang up
    at ignore-listed frames {
  code: 'ECONNRESET'
}
Failed to proxy http://localhost:8000/api/market/TTD/mispricing Error: socket hang up
    at ignore-listed frames {
  code: 'ECONNRESET'
}
Error: socket hang up
    at ignore-listed frames {
  code: 'ECONNRESET'
}
Failed to proxy http://localhost:8000/api/backtest/run Error: socket hang up
    at ignore-listed frames {
  code: 'ECONNRESET'
}
Error: socket hang up
    at ignore-listed frames {
  code: 'ECONNRESET'
}
Failed to proxy http://localhost:8000/api/sentiment/TTD Error: socket hang up
    at ignore-listed frames {
  code: 'ECONNRESET'
}
Error: socket hang up
    at ignore-listed frames {
  code: 'ECONNRESET'
}
Failed to proxy http://localhost:8000/api/market/RDW/regime Error: socket hang up
    at ignore-listed frames {
  code: 'ECONNRESET'
}
Error: socket hang up
    at ignore-listed frames {
  code: 'ECONNRESET'
}
Failed to proxy http://localhost:8000/api/market/HOOD/hv-confidence Error: socket hang up
    at ignore-listed frames {
  code: 'ECONNRESET'
}
Error: socket hang up
    at ignore-listed frames {
  code: 'ECONNRESET'
}
Failed to proxy http://localhost:8000/api/agents/trade-recommendation Error: socket hang up
    at ignore-listed frames {
  code: 'ECONNRESET'
}
Error: socket hang up
    at ignore-listed frames {
  code: 'ECONNRESET'
}
Failed to proxy http://localhost:8000/api/backtest/run Error: socket hang up
    at ignore-listed frames {
  code: 'ECONNRESET'
}
Error: socket hang up
    at ignore-listed frames {
  code: 'ECONNRESET'
}
Failed to proxy http://localhost:8000/api/market/NEE/mispricing Error: socket hang up
    at ignore-listed frames {
  code: 'ECONNRESET'
}
Error: socket hang up
    at ignore-listed frames {
  code: 'ECONNRESET'
}
Failed to proxy http://localhost:8000/api/market/BRK.A/hv-confidence Error: socket hang up
    at ignore-listed frames {
  code: 'ECONNRESET'
}
Error: socket hang up
    at ignore-listed frames {
  code: 'ECONNRESET'
}
Failed to proxy http://localhost:8000/api/sentiment/HOOD Error: socket hang up
    at ignore-listed frames {
  code: 'ECONNRESET'
}
Error: socket hang up
    at ignore-listed frames {
  code: 'ECONNRESET'
}
Failed to proxy http://localhost:8000/api/market/TTD/regime Error: socket hang up
    at ignore-listed frames {
  code: 'ECONNRESET'
}
Error: socket hang up
    at ignore-listed frames {
  code: 'ECONNRESET'
}
Failed to proxy http://localhost:8000/api/market/SBRCY/mispricing Error: socket hang up
    at ignore-listed frames {
  code: 'ECONNRESET'
}
Error: socket hang up
    at ignore-listed frames {
  code: 'ECONNRESET'
}
Failed to proxy http://localhost:8000/api/market/AZREF/mispricing Error: socket hang up
    at ignore-listed frames {
  code: 'ECONNRESET'
}
Error: socket hang up
    at ignore-listed frames {
  code: 'ECONNRESET'
}
Failed to proxy http://localhost:8000/api/agents/confluence/SBRCY Error: socket hang up
    at ignore-listed frames {
  code: 'ECONNRESET'
}
Error: socket hang up
    at ignore-listed frames {
  code: 'ECONNRESET'
}
Failed to proxy http://localhost:8000/api/agents/trade-recommendation Error: socket hang up
    at ignore-listed frames {
  code: 'ECONNRESET'
}
Error: socket hang up
    at ignore-listed frames {
  code: 'ECONNRESET'
}
Failed to proxy http://localhost:8000/api/backtest/run Error: socket hang up
    at ignore-listed frames {
  code: 'ECONNRESET'
}
Error: socket hang up
    at ignore-listed frames {
  code: 'ECONNRESET'
}
Failed to proxy http://localhost:8000/api/market/RDW/hv-confidence Error: socket hang up
    at ignore-listed frames {
  code: 'ECONNRESET'
}
Error: socket hang up
    at ignore-listed frames {
  code: 'ECONNRESET'
}
Failed to proxy http://localhost:8000/api/agents/confluence/FRCB Error: socket hang up
    at ignore-listed frames {
  code: 'ECONNRESET'
}
Error: socket hang up
    at ignore-listed frames {
  code: 'ECONNRESET'
}
Failed to proxy http://localhost:8000/api/market/HOOD/mispricing Error: socket hang up
    at ignore-listed frames {
  code: 'ECONNRESET'
}
Error: socket hang up
    at ignore-listed frames {
  code: 'ECONNRESET'
}
Failed to proxy http://localhost:8000/api/agents/trade-recommendation Error: socket hang up
    at ignore-listed frames {
  code: 'ECONNRESET'
}
Error: socket hang up
    at ignore-listed frames {
  code: 'ECONNRESET'
}
Failed to proxy http://localhost:8000/api/agents/trade-recommendation Error: socket hang up
    at ignore-listed frames {
  code: 'ECONNRESET'
}
Error: socket hang up
    at ignore-listed frames {
  code: 'ECONNRESET'
}
Failed to proxy http://localhost:8000/api/backtest/run Error: socket hang up
    at ignore-listed frames {
  code: 'ECONNRESET'
}
Error: socket hang up
    at ignore-listed frames {
  code: 'ECONNRESET'
}
Failed to proxy http://localhost:8000/api/agents/trade-recommendation Error: socket hang up
    at ignore-listed frames {
  code: 'ECONNRESET'
}
Error: socket hang up
    at ignore-listed frames {
  code: 'ECONNRESET'
}
Failed to proxy http://localhost:8000/api/agents/trade-recommendation Error: socket hang up
    at ignore-listed frames {
  code: 'ECONNRESET'
}
Error: socket hang up
    at ignore-listed frames {
  code: 'ECONNRESET'
}
Failed to proxy http://localhost:8000/api/backtest/run Error: socket hang up
    at ignore-listed frames {
  code: 'ECONNRESET'
}
Error: socket hang up
    at ignore-listed frames {
  code: 'ECONNRESET'
}
Failed to proxy http://localhost:8000/api/agents/trade-recommendation Error: socket hang up
    at ignore-listed frames {
  code: 'ECONNRESET'
}
Error: socket hang up
    at ignore-listed frames {
  code: 'ECONNRESET'
}
Failed to proxy http://localhost:8000/api/backtest/run Error: socket hang up
    at ignore-listed frames {
  code: 'ECONNRESET'
}
Error: socket hang up
    at ignore-listed frames {
  code: 'ECONNRESET'
}
Failed to proxy http://localhost:8000/api/agents/trade-recommendation Error: socket hang up
    at ignore-listed frames {
  code: 'ECONNRESET'
}
Error: socket hang up
    at ignore-listed frames {
  code: 'ECONNRESET'
}
Failed to proxy http://localhost:8000/api/backtest/run Error: socket hang up
    at ignore-listed frames {
  code: 'ECONNRESET'
}
Error: socket hang up
    at ignore-listed frames {
  code: 'ECONNRESET'
}
Failed to proxy http://localhost:8000/api/backtest/run Error: socket hang up
    at ignore-listed frames {
  code: 'ECONNRESET'
}
Error: socket hang up
    at ignore-listed frames {
  code: 'ECONNRESET'
}
Failed to proxy http://localhost:8000/api/market/RDW/mispricing Error: socket hang up
    at ignore-listed frames {
  code: 'ECONNRESET'
}
Error: socket hang up
    at ignore-listed frames {
  code: 'ECONNRESET'
}
Failed to proxy http://localhost:8000/api/sentiment/RDW Error: socket hang up
    at ignore-listed frames {
  code: 'ECONNRESET'
}
Error: socket hang up
    at ignore-listed frames {
  code: 'ECONNRESET'
}
Failed to proxy http://localhost:8000/api/agents/trade-recommendation Error: socket hang up
    at ignore-listed frames {
  code: 'ECONNRESET'
}
Error: socket hang up
    at ignore-listed frames {
  code: 'ECONNRESET'
}
Failed to proxy http://localhost:8000/api/backtest/run Error: socket hang up
    at ignore-listed frames {
  code: 'ECONNRESET'
}
Error: socket hang up
    at ignore-listed frames {
  code: 'ECONNRESET'
}
Failed to proxy http://localhost:8000/api/agents/confluence/RDW Error: socket hang up
    at ignore-listed frames {
  code: 'ECONNRESET'
}
Error: socket hang up
    at ignore-listed frames {
  code: 'ECONNRESET'
}
Failed to proxy http://localhost:8000/api/market/CLSK/mispricing Error: socket hang up
    at ignore-listed frames {
  code: 'ECONNRESET'
}
Error: socket hang up
    at ignore-listed frames {
  code: 'ECONNRESET'
}
Failed to proxy http://localhost:8000/api/agents/confluence/TTD Error: socket hang up
    at ignore-listed frames {
  code: 'ECONNRESET'
}
Error: socket hang up
    at ignore-listed frames {
  code: 'ECONNRESET'
}
Failed to proxy http://localhost:8000/api/market/CLSK/regime Error: socket hang up
    at ignore-listed frames {
  code: 'ECONNRESET'
}
Error: socket hang up
    at ignore-listed frames {
  code: 'ECONNRESET'
}
Failed to proxy http://localhost:8000/api/market/CLSK/hv-confidence Error: socket hang up
    at ignore-listed frames {
  code: 'ECONNRESET'
}
Error: socket hang up
    at ignore-listed frames {
  code: 'ECONNRESET'
}
Failed to proxy http://localhost:8000/api/backtest/run Error: socket hang up
    at ignore-listed frames {
  code: 'ECONNRESET'
}
Error: socket hang up
    at ignore-listed frames {
  code: 'ECONNRESET'
}
 GET /api/risk/var/RR?method=all 200 in 30.9s (compile: 381ms, render: 30.5s)
Failed to proxy http://localhost:8000/api/agents/confluence/CLSK Error: socket hang up
    at ignore-listed frames {
  code: 'ECONNRESET'
}
Error: socket hang up
    at ignore-listed frames {
  code: 'ECONNRESET'
}
 GET /api/risk/var/TSLA?method=all 200 in 31.2s (compile: 365ms, render: 30.8s)
 GET /api/risk/var/VLN?method=all 200 in 31.2s (compile: 347ms, render: 30.8s)
 GET /api/risk/var/NOW?method=all 200 in 31.3s (compile: 323ms, render: 31.0s)
Failed to proxy http://localhost:8000/api/market/OSS/mispricing Error: socket hang up
    at ignore-listed frames {
  code: 'ECONNRESET'
}
Error: socket hang up
    at ignore-listed frames {
  code: 'ECONNRESET'
}
Failed to proxy http://localhost:8000/api/market/OSS/regime Error: socket hang up
    at ignore-listed frames {
  code: 'ECONNRESET'
}
Error: socket hang up
    at ignore-listed frames {
  code: 'ECONNRESET'
}
Failed to proxy http://localhost:8000/api/market/OSS/hv-confidence Error: socket hang up
    at ignore-listed frames {
  code: 'ECONNRESET'
}
Error: socket hang up
    at ignore-listed frames {
  code: 'ECONNRESET'
}
Failed to proxy http://localhost:8000/api/sentiment/OSS Error: socket hang up
    at ignore-listed frames {
  code: 'ECONNRESET'
}
Error: socket hang up
    at ignore-listed frames {
  code: 'ECONNRESET'
}
Failed to proxy http://localhost:8000/api/agents/confluence/OSS Error: socket hang up
    at ignore-listed frames {
  code: 'ECONNRESET'
}
Error: socket hang up
    at ignore-listed frames {
  code: 'ECONNRESET'
}
Failed to proxy http://localhost:8000/api/market/PLAB/mispricing Error: socket hang up
    at ignore-listed frames {
  code: 'ECONNRESET'
}
Error: socket hang up
    at ignore-listed frames {
  code: 'ECONNRESET'
}
Failed to proxy http://localhost:8000/api/market/PLAB/regime Error: socket hang up
    at ignore-listed frames {
  code: 'ECONNRESET'
}
Error: socket hang up
    at ignore-listed frames {
  code: 'ECONNRESET'
}
Failed to proxy http://localhost:8000/api/market/PLAB/hv-confidence Error: socket hang up
    at ignore-listed frames {
  code: 'ECONNRESET'
}
Error: socket hang up
    at ignore-listed frames {
  code: 'ECONNRESET'
}
Failed to proxy http://localhost:8000/api/agents/confluence/PLAB Error: socket hang up
    at ignore-listed frames {
  code: 'ECONNRESET'
}
Error: socket hang up
    at ignore-listed frames {
  code: 'ECONNRESET'
}
Failed to proxy http://localhost:8000/api/sentiment/PLAB Error: socket hang up
    at ignore-listed frames {
  code: 'ECONNRESET'
}
Error: socket hang up
    at ignore-listed frames {
  code: 'ECONNRESET'
}
Failed to proxy http://localhost:8000/api/market/VPG/regime Error: socket hang up
    at ignore-listed frames {
  code: 'ECONNRESET'
}
Error: socket hang up
    at ignore-listed frames {
  code: 'ECONNRESET'
}
Failed to proxy http://localhost:8000/api/market/VPG/hv-confidence Error: socket hang up
    at ignore-listed frames {
  code: 'ECONNRESET'
}
Error: socket hang up
    at ignore-listed frames {
  code: 'ECONNRESET'
}
Failed to proxy http://localhost:8000/api/sentiment/VPG Error: socket hang up
    at ignore-listed frames {
  code: 'ECONNRESET'
}
Error: socket hang up
    at ignore-listed frames {
  code: 'ECONNRESET'
}
Failed to proxy http://localhost:8000/api/agents/confluence/VPG Error: socket hang up
    at ignore-listed frames {
  code: 'ECONNRESET'
}
Error: socket hang up
    at ignore-listed frames {
  code: 'ECONNRESET'
}
Failed to proxy http://localhost:8000/api/market/PLTR/mispricing Error: socket hang up
    at ignore-listed frames {
  code: 'ECONNRESET'
}
Error: socket hang up
    at ignore-listed frames {
  code: 'ECONNRESET'
}
Failed to proxy http://localhost:8000/api/market/PLTR/regime Error: socket hang up
    at ignore-listed frames {
  code: 'ECONNRESET'
}
Error: socket hang up
    at ignore-listed frames {
  code: 'ECONNRESET'
}
 GET /api/risk/var/IREN?method=all 200 in 35.6s (compile: 232ms, render: 35.3s)
Failed to proxy http://localhost:8000/api/market/PLTR/hv-confidence Error: socket hang up
    at ignore-listed frames {
  code: 'ECONNRESET'
}
Error: socket hang up
    at ignore-listed frames {
  code: 'ECONNRESET'
}
 GET /api/risk/var/QS?method=all 200 in 35.9s (compile: 224ms, render: 35.7s)
Failed to proxy http://localhost:8000/api/sentiment/PLTR Error: socket hang up
    at ignore-listed frames {
  code: 'ECONNRESET'
}
Error: socket hang up
    at ignore-listed frames {
  code: 'ECONNRESET'
}
Failed to proxy http://localhost:8000/api/agents/confluence/PLTR Error: socket hang up
    at ignore-listed frames {
  code: 'ECONNRESET'
}
Error: socket hang up
    at ignore-listed frames {
  code: 'ECONNRESET'
}
Failed to proxy http://localhost:8000/api/market/RZLV/mispricing Error: socket hang up
    at ignore-listed frames {
  code: 'ECONNRESET'
}
Error: socket hang up
    at ignore-listed frames {
  code: 'ECONNRESET'
}
Failed to proxy http://localhost:8000/api/market/RZLV/regime Error: socket hang up
    at ignore-listed frames {
  code: 'ECONNRESET'
}
Error: socket hang up
    at ignore-listed frames {
  code: 'ECONNRESET'
}
 GET /api/risk/var/PATH?method=all 200 in 36.2s (compile: 159ms, render: 36.0s)
 GET /api/risk/var/FRCB?method=all 200 in 36.1s (compile: 98ms, render: 36.0s)
Failed to proxy http://localhost:8000/api/market/RZLV/hv-confidence Error: socket hang up
    at ignore-listed frames {
  code: 'ECONNRESET'
}
Error: socket hang up
    at ignore-listed frames {
  code: 'ECONNRESET'
}
Failed to proxy http://localhost:8000/api/sentiment/RZLV Error: socket hang up
    at ignore-listed frames {
  code: 'ECONNRESET'
}
Error: socket hang up
    at ignore-listed frames {
  code: 'ECONNRESET'
}
Failed to proxy http://localhost:8000/api/agents/confluence/RZLV Error: socket hang up
    at ignore-listed frames {
  code: 'ECONNRESET'
}
Error: socket hang up
    at ignore-listed frames {
  code: 'ECONNRESET'
}
 GET /api/risk/var/NEE?method=all 200 in 36.5s (compile: 97ms, render: 36.4s)
Failed to proxy http://localhost:8000/api/market/ASST/mispricing Error: socket hang up
    at ignore-listed frames {
  code: 'ECONNRESET'
}
Error: socket hang up
    at ignore-listed frames {
  code: 'ECONNRESET'
}
Failed to proxy http://localhost:8000/api/market/ASST/regime Error: socket hang up
    at ignore-listed frames {
  code: 'ECONNRESET'
}
Error: socket hang up
    at ignore-listed frames {
  code: 'ECONNRESET'
}
Failed to proxy http://localhost:8000/api/market/ASST/hv-confidence Error: socket hang up
    at ignore-listed frames {
  code: 'ECONNRESET'
}
Error: socket hang up
    at ignore-listed frames {
  code: 'ECONNRESET'
}
Failed to proxy http://localhost:8000/api/sentiment/ASST Error: socket hang up
    at ignore-listed frames {
  code: 'ECONNRESET'
}
Error: socket hang up
    at ignore-listed frames {
  code: 'ECONNRESET'
}
Failed to proxy http://localhost:8000/api/agents/confluence/ASST Error: socket hang up
    at ignore-listed frames {
  code: 'ECONNRESET'
}
Error: socket hang up
    at ignore-listed frames {
  code: 'ECONNRESET'
}
Failed to proxy http://localhost:8000/api/market/PYPL/mispricing Error: socket hang up
    at ignore-listed frames {
  code: 'ECONNRESET'
}
Error: socket hang up
    at ignore-listed frames {
  code: 'ECONNRESET'
}
Failed to proxy http://localhost:8000/api/market/PYPL/regime Error: socket hang up
    at ignore-listed frames {
  code: 'ECONNRESET'
}
Error: socket hang up
    at ignore-listed frames {
  code: 'ECONNRESET'
}
Failed to proxy http://localhost:8000/api/market/PYPL/hv-confidence Error: socket hang up
    at ignore-listed frames {
  code: 'ECONNRESET'
}
Error: socket hang up
    at ignore-listed frames {
  code: 'ECONNRESET'
}
Failed to proxy http://localhost:8000/api/sentiment/PYPL Error: socket hang up
    at ignore-listed frames {
  code: 'ECONNRESET'
}
Error: socket hang up
    at ignore-listed frames {
  code: 'ECONNRESET'
}
Failed to proxy http://localhost:8000/api/agents/confluence/PYPL Error: socket hang up
    at ignore-listed frames {
  code: 'ECONNRESET'
}
Error: socket hang up
    at ignore-listed frames {
  code: 'ECONNRESET'
}
Failed to proxy http://localhost:8000/api/market/SMPL/mispricing Error: socket hang up
    at ignore-listed frames {
  code: 'ECONNRESET'
}
Error: socket hang up
    at ignore-listed frames {
  code: 'ECONNRESET'
}
Failed to proxy http://localhost:8000/api/market/SMPL/regime Error: socket hang up
    at ignore-listed frames {
  code: 'ECONNRESET'
}
Error: socket hang up
    at ignore-listed frames {
  code: 'ECONNRESET'
}
Failed to proxy http://localhost:8000/api/market/SMPL/hv-confidence Error: socket hang up
    at ignore-listed frames {
  code: 'ECONNRESET'
}
Error: socket hang up
    at ignore-listed frames {
  code: 'ECONNRESET'
}
Failed to proxy http://localhost:8000/api/sentiment/SMPL Error: socket hang up
    at ignore-listed frames {
  code: 'ECONNRESET'
}
Error: socket hang up
    at ignore-listed frames {
  code: 'ECONNRESET'
}
Failed to proxy http://localhost:8000/api/agents/confluence/SMPL Error: socket hang up
    at ignore-listed frames {
  code: 'ECONNRESET'
}
Error: socket hang up
    at ignore-listed frames {
  code: 'ECONNRESET'
}
 GET /api/risk/var/AZREF?method=all 200 in 38.6s (compile: 73ms, render: 38.5s)
Failed to proxy http://localhost:8000/api/market/AMZN/mispricing Error: socket hang up
    at ignore-listed frames {
  code: 'ECONNRESET'
}
Error: socket hang up
    at ignore-listed frames {
  code: 'ECONNRESET'
}
Failed to proxy http://localhost:8000/api/market/AMZN/hv-confidence Error: socket hang up
    at ignore-listed frames {
  code: 'ECONNRESET'
}
Error: socket hang up
    at ignore-listed frames {
  code: 'ECONNRESET'
}
Failed to proxy http://localhost:8000/api/market/AMZN/regime Error: socket hang up
    at ignore-listed frames {
  code: 'ECONNRESET'
}
Error: socket hang up
    at ignore-listed frames {
  code: 'ECONNRESET'
}
Failed to proxy http://localhost:8000/api/sentiment/AMZN Error: socket hang up
    at ignore-listed frames {
  code: 'ECONNRESET'
}
Error: socket hang up
    at ignore-listed frames {
  code: 'ECONNRESET'
}
Failed to proxy http://localhost:8000/api/agents/confluence/AMZN Error: socket hang up
    at ignore-listed frames {
  code: 'ECONNRESET'
}
Error: socket hang up
    at ignore-listed frames {
  code: 'ECONNRESET'
}
Failed to proxy http://localhost:8000/api/market/BMNR/mispricing Error: socket hang up
    at ignore-listed frames {
  code: 'ECONNRESET'
}
Error: socket hang up
    at ignore-listed frames {
  code: 'ECONNRESET'
}
Failed to proxy http://localhost:8000/api/market/BMNR/regime Error: socket hang up
    at ignore-listed frames {
  code: 'ECONNRESET'
}
Error: socket hang up
    at ignore-listed frames {
  code: 'ECONNRESET'
}
 GET /api/risk/var/TTD?method=all 200 in 39.8s (compile: 11ms, render: 39.8s)
Failed to proxy http://localhost:8000/api/agents/trade-recommendation Error: socket hang up
    at ignore-listed frames {
  code: 'ECONNRESET'
}
Error: socket hang up
    at ignore-listed frames {
  code: 'ECONNRESET'
}
Failed to proxy http://localhost:8000/api/backtest/run Error: socket hang up
    at ignore-listed frames {
  code: 'ECONNRESET'
}
Error: socket hang up
    at ignore-listed frames {
  code: 'ECONNRESET'
}
Failed to proxy http://localhost:8000/api/agents/trade-recommendation Error: socket hang up
    at ignore-listed frames {
  code: 'ECONNRESET'
}
Error: socket hang up
    at ignore-listed frames {
  code: 'ECONNRESET'
}
Failed to proxy http://localhost:8000/api/backtest/run Error: socket hang up
    at ignore-listed frames {
  code: 'ECONNRESET'
}
Error: socket hang up
    at ignore-listed frames {
  code: 'ECONNRESET'
}
 GET /api/risk/var/HOOD?method=all 200 in 39.9s (compile: 8ms, render: 39.9s)
Failed to proxy http://localhost:8000/api/agents/trade-recommendation Error: socket hang up
    at ignore-listed frames {
  code: 'ECONNRESET'
}
Error: socket hang up
    at ignore-listed frames {
  code: 'ECONNRESET'
}
Failed to proxy http://localhost:8000/api/backtest/run Error: socket hang up
    at ignore-listed frames {
  code: 'ECONNRESET'
}
Error: socket hang up
    at ignore-listed frames {
  code: 'ECONNRESET'
}
Failed to proxy http://localhost:8000/api/agents/trade-recommendation Error: socket hang up
    at ignore-listed frames {
  code: 'ECONNRESET'
}
Error: socket hang up
    at ignore-listed frames {
  code: 'ECONNRESET'
}
Failed to proxy http://localhost:8000/api/backtest/run Error: socket hang up
    at ignore-listed frames {
  code: 'ECONNRESET'
}
Error: socket hang up
    at ignore-listed frames {
  code: 'ECONNRESET'
}
Failed to proxy http://localhost:8000/api/agents/trade-recommendation Error: socket hang up
    at ignore-listed frames {
  code: 'ECONNRESET'
}
Error: socket hang up
    at ignore-listed frames {
  code: 'ECONNRESET'
}
Failed to proxy http://localhost:8000/api/backtest/run Error: socket hang up
    at ignore-listed frames {
  code: 'ECONNRESET'
}
Error: socket hang up
    at ignore-listed frames {
  code: 'ECONNRESET'
}
Failed to proxy http://localhost:8000/api/agents/trade-recommendation Error: socket hang up
    at ignore-listed frames {
  code: 'ECONNRESET'
}
Error: socket hang up
    at ignore-listed frames {
  code: 'ECONNRESET'
}
Failed to proxy http://localhost:8000/api/backtest/run Error: socket hang up
    at ignore-listed frames {
  code: 'ECONNRESET'
}
Error: socket hang up
    at ignore-listed frames {
  code: 'ECONNRESET'
}
Failed to proxy http://localhost:8000/api/agents/trade-recommendation Error: socket hang up
    at ignore-listed frames {
  code: 'ECONNRESET'
}
Error: socket hang up
    at ignore-listed frames {
  code: 'ECONNRESET'
}
Failed to proxy http://localhost:8000/api/backtest/run Error: socket hang up
    at ignore-listed frames {
  code: 'ECONNRESET'
}
Error: socket hang up
    at ignore-listed frames {
  code: 'ECONNRESET'
}
Failed to proxy http://localhost:8000/api/agents/trade-recommendation Error: socket hang up
    at ignore-listed frames {
  code: 'ECONNRESET'
}
Error: socket hang up
    at ignore-listed frames {
  code: 'ECONNRESET'
}
Failed to proxy http://localhost:8000/api/backtest/run Error: socket hang up
    at ignore-listed frames {
  code: 'ECONNRESET'
}
Error: socket hang up
    at ignore-listed frames {
  code: 'ECONNRESET'
}
Failed to proxy http://localhost:8000/api/backtest/run Error: socket hang up
    at ignore-listed frames {
  code: 'ECONNRESET'
}
Error: socket hang up
    at ignore-listed frames {
  code: 'ECONNRESET'
}
Failed to proxy http://localhost:8000/api/agents/trade-recommendation Error: socket hang up
    at ignore-listed frames {
  code: 'ECONNRESET'
}
Error: socket hang up
    at ignore-listed frames {
  code: 'ECONNRESET'
}
Failed to proxy http://localhost:8000/api/backtest/run Error: socket hang up
    at ignore-listed frames {
  code: 'ECONNRESET'
}
Error: socket hang up
    at ignore-listed frames {
  code: 'ECONNRESET'
}
Failed to proxy http://localhost:8000/api/agents/trade-recommendation Error: socket hang up
    at ignore-listed frames {
  code: 'ECONNRESET'
}
Error: socket hang up
    at ignore-listed frames {
  code: 'ECONNRESET'
}
Failed to proxy http://localhost:8000/api/backtest/run Error: socket hang up
    at ignore-listed frames {
  code: 'ECONNRESET'
}
Error: socket hang up
    at ignore-listed frames {
  code: 'ECONNRESET'
}
Failed to proxy http://localhost:8000/api/agents/trade-recommendation Error: socket hang up
    at ignore-listed frames {
  code: 'ECONNRESET'
}
Error: socket hang up
    at ignore-listed frames {
  code: 'ECONNRESET'
}
Failed to proxy http://localhost:8000/api/backtest/run Error: socket hang up
    at ignore-listed frames {
  code: 'ECONNRESET'
}
Error: socket hang up
    at ignore-listed frames {
  code: 'ECONNRESET'
}
 GET /api/risk/var/CLSK?method=all 200 in 43s (compile: 3ms, render: 43s)
 GET /api/risk/var/RDW?method=all 200 in 44s (compile: 6ms, render: 44s)
 GET /api/risk/var/OSS?method=all 200 in 42s (compile: 58ms, render: 42s)
 GET /api/risk/var/PLAB?method=all 200 in 41s (compile: 71ms, render: 41s)
Failed to proxy http://localhost:8000/api/market/BMNR/hv-confidence Error: socket hang up
    at ignore-listed frames {
  code: 'ECONNRESET'
}
Error: socket hang up
    at ignore-listed frames {
  code: 'ECONNRESET'
}
 GET /api/risk/var/VPG?method=all 200 in 41s (compile: 4ms, render: 41s)
Failed to proxy http://localhost:8000/api/sentiment/BMNR Error: socket hang up
    at ignore-listed frames {
  code: 'ECONNRESET'
}
Error: socket hang up
    at ignore-listed frames {
  code: 'ECONNRESET'
}
 GET /api/risk/var/PLTR?method=all 200 in 40s (compile: 77ms, render: 40s)
 GET /api/risk/var/RZLV?method=all 200 in 41s (compile: 3ms, render: 41s)
Failed to proxy http://localhost:8000/api/agents/confluence/BMNR Error: socket hang up
    at ignore-listed frames {
  code: 'ECONNRESET'
}
Error: socket hang up
    at ignore-listed frames {
  code: 'ECONNRESET'
}
Failed to proxy http://localhost:8000/api/market/VPG/mispricing Error: socket hang up
    at ignore-listed frames {
  code: 'ECONNRESET'
}
Error: socket hang up
    at ignore-listed frames {
  code: 'ECONNRESET'
}
 GET /api/risk/var/ASST?method=all 200 in 41s (compile: 67ms, render: 40s)
Failed to proxy http://localhost:8000/api/agents/trade-recommendation Error: socket hang up
    at ignore-listed frames {
  code: 'ECONNRESET'
}
Error: socket hang up
    at ignore-listed frames {
  code: 'ECONNRESET'
}
 GET /api/risk/var/OGZPY?method=all 200 in 51s (compile: 40ms, render: 51s)
 GET /api/risk/var/PYPL?method=all 200 in 43s (compile: 4ms, render: 43s)
 GET /api/risk/var/SMPL?method=all 200 in 43s (compile: 64ms, render: 43s)
 GET /api/risk/var/SBRCY?method=all 200 in 52s (compile: 57ms, render: 52s)
 GET /api/risk/var/BRK.A?method=all 200 in 52s (compile: 31ms, render: 52s)
 GET /api/risk/var/AMZN?method=all 200 in 43s (compile: 72ms, render: 42s)
 GET /api/risk/var/BMNR?method=all 200 in 37.2s (compile: 64ms, render: 37.1s)
 GET /api/robinhood/analytics/hedge-ratio-by-underlying?account=all&target_delta=0 200 in 77s (compile: 808ms, render: 76s)
 GET /api/robinhood/analytics/limits-check?account=all&max_delta=10000&max_gamma=500&max_vega=10000 200 in 77s (compile: 516ms, render: 77s)
 GET /api/robinhood/analytics/stress-test?account=all&spot_shock=0.1&vol_shock=0.2 200 in 77s (compile: 469ms, render: 77s)
 GET /api/robinhood/analytics/rebalance-check?account=all&delta_limit=1000&gamma_limit=100&vega_limit=1000 200 in 77s (compile: 570ms, render: 77s)
 GET /api/robinhood/analytics/portfolio-greeks?account=all 200 in 77s (compile: 2ms, render: 77s)
 GET /api/robinhood/analytics/delta-gamma-hedge?account=all&hedge_dte=30&hedge_type=call&top_n=10 200 in 94s (compile: 660ms, render: 93s)
 GET /stock/BTBT?from=robinhood 200 in 105ms (compile: 56ms, render: 49ms)
 GET /stock/PYPL 200 in 94ms (compile: 55ms, render: 39ms)
 GET /stock/GRAB 200 in 146ms (compile: 54ms, render: 92ms)
 GET /stock/PYPL 200 in 195ms (compile: 83ms, render: 112ms)
✓ Compiled in 137ms
 GET /stock/GRAB 200 in 733ms (compile: 172ms, render: 561ms)
 GET /stock/BABA 200 in 205ms (compile: 61ms, render: 144ms)
 GET /stock/PYPL 200 in 191ms (compile: 60ms, render: 131ms)
 GET / 200 in 71ms (compile: 4ms, render: 67ms)
 GET /api/engine/logs?limit=6 200 in 11ms (compile: 2ms, render: 9ms)
 GET /robinhood 200 in 27ms (compile: 3ms, render: 24ms)
 GET /api/robinhood/analytics/portfolio-greeks?account=all 200 in 16.8s (compile: 2ms, render: 16.8s)
 GET /stock/PYPL?from=robinhood 200 in 92ms (compile: 54ms, render: 38ms)
 GET /robinhood 200 in 46ms (compile: 8ms, render: 38ms)
 GET /stock/CIFR?from=robinhood 200 in 93ms (compile: 57ms, render: 36ms)
 GET /robinhood 200 in 20ms (compile: 2ms, render: 18ms)
 GET /pricing 200 in 368ms (compile: 347ms, render: 21ms)
 GET /scanner 200 in 445ms (compile: 424ms, render: 22ms)
✓ Compiled in 194ms
✓ Compiled in 131ms
 GET /stock/PYPL 200 in 722ms (compile: 156ms, render: 566ms)
 GET /stock/TTD 200 in 127ms (compile: 66ms, render: 62ms)
 GET /stock/PYPL 200 in 143ms (compile: 58ms, render: 85ms)
 GET / 200 in 33ms (compile: 3ms, render: 30ms)
 GET /api/engine/logs?limit=6 200 in 40ms (compile: 5ms, render: 36ms)
 GET /api/engine/logs?limit=6 200 in 10ms (compile: 3ms, render: 8ms)
 GET /scanner 200 in 30ms (compile: 2ms, render: 27ms)
 GET /stock/TTD 200 in 132ms (compile: 60ms, render: 72ms)
 GET /api/robinhood/analytics/portfolio-greeks?account=all 200 in 16.7s (compile: 5ms, render: 16.7s)
 GET /api/robinhood/analytics/portfolio-greeks?account=all 200 in 16.8s (compile: 9ms, render: 16.8s)
 GET /options-chain 200 in 297ms (compile: 270ms, render: 28ms)
 GET /pricing 200 in 44ms (compile: 6ms, render: 37ms)
 GET /options-chain 200 in 42ms (compile: 6ms, render: 36ms)
 GET /pricing 200 in 19ms (compile: 2ms, render: 17ms)
 GET /scanner 200 in 87ms (compile: 9ms, render: 78ms)
 GET /stock/VLN 200 in 95ms (compile: 58ms, render: 37ms)
 GET /options-chain?ticker=TTD&expiration=2026-05-15 200 in 23ms (compile: 2ms, render: 20ms)
 GET /pricing 200 in 20ms (compile: 2ms, render: 17ms)
 GET /stock/RDW 200 in 86ms (compile: 57ms, render: 29ms)
 GET /options-chain 200 in 19ms (compile: 2ms, render: 17ms)
 GET /pricing 200 in 18ms (compile: 2ms, render: 16ms)
 GET /options-chain 200 in 21ms (compile: 4ms, render: 17ms)
 GET /scanner 200 in 24ms (compile: 4ms, render: 20ms)
 GET /robinhood 200 in 23ms (compile: 3ms, render: 20ms)
 GET / 200 in 82ms (compile: 3ms, render: 79ms)
 GET /stock/PYPL 200 in 219ms (compile: 78ms, render: 142ms)
 GET /stock/PYPL 200 in 158ms (compile: 57ms, render: 101ms)
 GET /stock/PYPL 200 in 287ms (compile: 63ms, render: 224ms)
 GET / 200 in 61ms (compile: 4ms, render: 57ms)
 GET /stock/PYPL 200 in 156ms (compile: 69ms, render: 87ms)
 GET /stock/PYPL 200 in 119ms (compile: 55ms, render: 64ms)
 GET /stock/PYPL 200 in 155ms (compile: 73ms, render: 83ms)
 GET /stock/PYPL?_=1777995359 200 in 142ms (compile: 61ms, render: 81ms)
 GET /stock/PYPL?cb=1777995391034578452 200 in 149ms (compile: 71ms, render: 78ms)
[?25h
